{"timestamp": "2025-05-17T14:28:26+0000", "service": "web-service", "level": "info", "message": "Logger configured successfully", "host": "a4febf77c89b"}
{"timestamp": "2025-05-17T14:28:26+0000", "service": "web-service", "level": "info", "message": "Starting web service", "host": "a4febf77c89b"}
{"timestamp": "2025-05-17T14:29:11+0000", "service": "web-service", "level": "info", "message": "Accessed index page", "host": "a4febf77c89b"}
{"timestamp": "2025-05-17T14:29:17+0000", "service": "web-service", "level": "info", "message": "Saved uploaded image: 6459a36f-01ce-46c8-8a0d-94f228f60aa3_Severe_DR_3.png", "host": "a4febf77c89b"}
{"timestamp": "2025-05-17T14:29:19+0000", "service": "web-service", "level": "info", "message": "Prediction successful - Result: Moderate DR, Confidence: 40.15%, File: 6459a36f-01ce-46c8-8a0d-94f228f60aa3_Severe_DR_3.png", "host": "a4febf77c89b"}
{"timestamp": "2025-05-17T14:31:01+0000", "service": "web-service", "level": "info", "message": "Logger configured successfully", "host": "a4febf77c89b"}
{"timestamp": "2025-05-17T14:31:01+0000", "service": "web-service", "level": "info", "message": "Starting web service", "host": "a4febf77c89b"}
{"timestamp": "2025-05-17T14:32:39+0000", "service": "web-service", "level": "info", "message": "Accessed index page", "host": "a4febf77c89b"}
{"timestamp": "2025-05-17T14:33:56+0000", "service": "web-service", "level": "info", "message": "Logger configured successfully", "host": "48ee1105e899"}
{"timestamp": "2025-05-17T14:33:56+0000", "service": "web-service", "level": "info", "message": "Starting web service", "host": "48ee1105e899"}
{"timestamp": "2025-05-17T14:44:09+0000", "service": "web-service", "level": "info", "message": "Logger configured successfully", "host": "0285cc57385b"}
{"timestamp": "2025-05-17T14:44:09+0000", "service": "web-service", "level": "info", "message": "Starting web service", "host": "0285cc57385b"}
{"timestamp": "2025-05-17T14:51:52+0000", "service": "web-service", "level": "info", "message": "Logger configured successfully", "host": "512e4336748f"}
{"timestamp": "2025-05-17T14:51:52+0000", "service": "web-service", "level": "info", "message": "Starting web service", "host": "512e4336748f"}
{"timestamp": "2025-05-17T15:05:00+0000", "service": "web-service", "level": "info", "message": "Logger configured successfully", "host": "512e4336748f"}
{"timestamp": "2025-05-17T15:05:00+0000", "service": "web-service", "level": "info", "message": "Starting web service", "host": "512e4336748f"}
{"timestamp": "2025-05-17T15:06:46+0000", "service": "web-service", "level": "info", "message": "Logger configured successfully", "host": "627094e6b9f1"}
{"timestamp": "2025-05-17T15:06:46+0000", "service": "web-service", "level": "info", "message": "Starting web service", "host": "627094e6b9f1"}
{"timestamp": "2025-05-17T15:09:25+0000", "service": "web-service", "level": "info", "message": "Saved uploaded image: 3d56efe5-6aee-441d-8ed2-cfd9bc18c0f4_Severe_DR_3.png", "host": "627094e6b9f1"}
{"timestamp": "2025-05-17T15:09:27+0000", "service": "web-service", "level": "info", "message": "Prediction successful - Result: Moderate DR, Confidence: 40.15%, File: 3d56efe5-6aee-441d-8ed2-cfd9bc18c0f4_Severe_DR_3.png", "host": "627094e6b9f1"}
{"timestamp": "2025-05-17T15:10:05+0000", "service": "web-service", "level": "info", "message": "Accessed index page", "host": "627094e6b9f1"}
{"timestamp": "2025-05-17T15:12:26+0000", "service": "web-service", "level": "info", "message": "Saved uploaded image: f1180ae2-910b-4e36-b111-cf588ed562d3_Severe_DR.png", "host": "627094e6b9f1"}
{"timestamp": "2025-05-17T15:12:26+0000", "service": "web-service", "level": "info", "message": "Prediction successful - Result: Moderate DR, Confidence: 39.24%, File: f1180ae2-910b-4e36-b111-cf588ed562d3_Severe_DR.png", "host": "627094e6b9f1"}
{"timestamp": "2025-05-17T15:13:01+0000", "service": "web-service", "level": "info", "message": "Accessed index page", "host": "627094e6b9f1"}
{"timestamp": "2025-05-19T05:25:57+0000", "service": "web-service", "level": "info", "message": "Logger configured successfully", "host": "31bec2afc70e"}
{"timestamp": "2025-05-19T05:25:57+0000", "service": "web-service", "level": "info", "message": "Starting web service", "host": "31bec2afc70e"}
{"timestamp": "2025-05-19T05:32:49+0000", "service": "web-service", "level": "info", "message": "Accessed index page", "host": "31bec2afc70e"}
{"timestamp": "2025-05-19T05:32:54+0000", "service": "web-service", "level": "info", "message": "Saved uploaded image: 2a6c93b7-6606-47e0-aec9-817cd111f8db_Mild_DR_3.png", "host": "31bec2afc70e"}
{"timestamp": "2025-05-19T05:33:00+0000", "service": "web-service", "level": "info", "message": "Prediction successful - Result: Moderate DR, Confidence: 34.29%, File: 2a6c93b7-6606-47e0-aec9-817cd111f8db_Mild_DR_3.png", "host": "31bec2afc70e"}
{"timestamp": "2025-05-19T05:33:11+0000", "service": "web-service", "level": "info", "message": "Accessed index page", "host": "31bec2afc70e"}
{"timestamp": "2025-05-19T05:39:23+0000", "service": "web-service", "level": "info", "message": "Saved uploaded image: baae4194-4739-4c12-9761-f3547066dbe4_Mild_DR_3.png", "host": "31bec2afc70e"}
{"timestamp": "2025-05-19T05:39:23+0000", "service": "web-service", "level": "info", "message": "Prediction successful - Result: Moderate DR, Confidence: 34.29%, File: baae4194-4739-4c12-9761-f3547066dbe4_Mild_DR_3.png", "host": "31bec2afc70e"}
{"timestamp": "2025-05-19T05:39:34+0000", "service": "web-service", "level": "info", "message": "Accessed index page", "host": "31bec2afc70e"}
{"timestamp": "2025-05-19T06:48:58+0000", "service": "web-service", "level": "info", "message": "Saved uploaded image: 34c88832-0811-4606-a2f1-701eecc2d5dc_Mild_DR_3.png", "host": "31bec2afc70e"}
{"timestamp": "2025-05-19T06:48:58+0000", "service": "web-service", "level": "info", "message": "Prediction successful - Result: Moderate DR, Confidence: 34.29%, File: 34c88832-0811-4606-a2f1-701eecc2d5dc_Mild_DR_3.png", "host": "31bec2afc70e"}
{"timestamp": "2025-05-19T06:49:21+0000", "service": "web-service", "level": "info", "message": "Accessed index page", "host": "31bec2afc70e"}
{"timestamp": "2025-05-19T07:43:11+0000", "service": "web-service", "level": "info", "message": "Saved uploaded image: dee055f8-aa71-4982-b3d2-84b395b8fe9c_Moderate_DR_2.png", "host": "31bec2afc70e"}
{"timestamp": "2025-05-19T07:43:11+0000", "service": "web-service", "level": "info", "message": "Prediction successful - Result: Moderate DR, Confidence: 57.09%, File: dee055f8-aa71-4982-b3d2-84b395b8fe9c_Moderate_DR_2.png", "host": "31bec2afc70e"}
{"timestamp": "2025-05-19T07:43:17+0000", "service": "web-service", "level": "info", "message": "Accessed index page", "host": "31bec2afc70e"}
